// Jest Snapshot v1, https://goo.gl/fbAQLP

exports[`matches snapshot 1`] = `
<div
  className="css-wg4ovg"
  data-testid="card-id"
>
  <p>
    card
  </p>
</div>
`;
